mode: atomic
github.com/goravel/framework/notification/setup/setup.go:12.13,53.2 9 0
github.com/goravel/framework/notification/setup/stubs.go:7.73,37.2 5 1
github.com/goravel/framework/notification/setup/stubs.go:39.54,52.2 2 1
github.com/goravel/framework/notification/console/make_command.go:15.60,17.2 1 1
github.com/goravel/framework/notification/console/make_command.go:19.54,21.2 1 1
github.com/goravel/framework/notification/console/make_command.go:23.56,25.2 1 1
github.com/goravel/framework/notification/console/make_command.go:27.59,38.2 1 1
github.com/goravel/framework/notification/console/make_command.go:40.69,46.16 2 4
github.com/goravel/framework/notification/console/make_command.go:46.16,49.3 2 2
github.com/goravel/framework/notification/console/make_command.go:51.2,51.125 1 2
github.com/goravel/framework/notification/console/make_command.go:51.125,54.3 2 0
github.com/goravel/framework/notification/console/make_command.go:56.2,58.12 2 2
github.com/goravel/framework/notification/console/make_command.go:61.52,63.2 1 2
github.com/goravel/framework/notification/console/make_command.go:65.100,70.2 3 2
github.com/goravel/framework/notification/console/stubs.go:5.38,36.2 1 2
github.com/goravel/framework/notification/console/table_command.go:32.62,34.2 1 4
github.com/goravel/framework/notification/console/table_command.go:36.55,38.2 1 1
github.com/goravel/framework/notification/console/table_command.go:40.57,42.2 1 1
github.com/goravel/framework/notification/console/table_command.go:44.60,46.2 1 1
github.com/goravel/framework/notification/console/table_command.go:48.70,53.63 4 4
github.com/goravel/framework/notification/console/table_command.go:53.63,55.3 1 0
github.com/goravel/framework/notification/console/table_command.go:57.2,57.41 1 4
github.com/goravel/framework/notification/console/table_command.go:57.41,60.3 2 1
github.com/goravel/framework/notification/console/table_command.go:62.2,62.84 1 3
github.com/goravel/framework/notification/console/table_command.go:62.84,64.3 1 0
github.com/goravel/framework/notification/console/table_command.go:66.2,68.53 2 3
github.com/goravel/framework/notification/console/table_command.go:68.53,72.3 3 2
github.com/goravel/framework/notification/console/table_command.go:72.8,74.3 1 1
github.com/goravel/framework/notification/console/table_command.go:76.2,77.12 2 3
github.com/goravel/framework/notification/console/table_command.go:80.48,84.16 3 7
github.com/goravel/framework/notification/console/table_command.go:84.16,86.3 1 3
github.com/goravel/framework/notification/console/table_command.go:88.2,93.20 5 4
github.com/goravel/framework/notification/console/table_command.go:93.20,95.3 1 1
github.com/goravel/framework/notification/console/table_command.go:97.2,98.22 2 3
github.com/goravel/framework/notification/console/table_command.go:98.22,100.3 1 1
github.com/goravel/framework/notification/console/table_command.go:102.2,103.60 2 2
github.com/goravel/framework/notification/console/table_command.go:108.45,145.2 1 4
github.com/goravel/framework/notification/job.go:17.60,19.16 2 4
github.com/goravel/framework/notification/job.go:19.16,21.3 1 0
github.com/goravel/framework/notification/job.go:22.2,22.23 1 4
github.com/goravel/framework/notification/job.go:37.52,39.2 1 15
github.com/goravel/framework/notification/job.go:41.42,43.2 1 1
github.com/goravel/framework/notification/job.go:45.49,46.20 1 9
github.com/goravel/framework/notification/job.go:46.20,48.3 1 2
github.com/goravel/framework/notification/job.go:50.2,51.9 2 7
github.com/goravel/framework/notification/job.go:51.9,53.3 1 1
github.com/goravel/framework/notification/job.go:55.2,56.59 2 6
github.com/goravel/framework/notification/job.go:56.59,58.3 1 1
github.com/goravel/framework/notification/job.go:60.2,61.15 2 5
github.com/goravel/framework/notification/job.go:61.15,63.3 1 1
github.com/goravel/framework/notification/job.go:65.2,66.9 2 4
github.com/goravel/framework/notification/job.go:66.9,68.3 1 1
github.com/goravel/framework/notification/job.go:70.2,70.53 1 3
github.com/goravel/framework/notification/notification.go:25.57,31.2 1 28
github.com/goravel/framework/notification/notification.go:33.60,37.2 3 20
github.com/goravel/framework/notification/notification.go:39.70,44.9 4 22
github.com/goravel/framework/notification/notification.go:44.9,47.3 2 4
github.com/goravel/framework/notification/notification.go:48.2,48.11 1 18
github.com/goravel/framework/notification/notification.go:54.9,55.75 1 8
github.com/goravel/framework/notification/notification.go:55.75,57.3 1 7
github.com/goravel/framework/notification/notification.go:58.2,58.38 1 1
github.com/goravel/framework/notification/notification.go:64.9,66.2 1 5
github.com/goravel/framework/notification/notification.go:75.9,77.24 2 6
github.com/goravel/framework/notification/notification.go:77.24,80.3 2 1
github.com/goravel/framework/notification/notification.go:82.2,83.32 2 5
github.com/goravel/framework/notification/notification.go:83.32,85.16 2 8
github.com/goravel/framework/notification/notification.go:85.16,87.23 2 1
github.com/goravel/framework/notification/notification.go:87.23,89.5 1 1
github.com/goravel/framework/notification/notification.go:90.4,90.12 1 1
github.com/goravel/framework/notification/notification.go:93.3,93.48 1 7
github.com/goravel/framework/notification/notification.go:93.48,95.23 2 1
github.com/goravel/framework/notification/notification.go:95.23,97.5 1 1
github.com/goravel/framework/notification/notification.go:100.2,100.17 1 5
github.com/goravel/framework/notification/notification.go:112.9,115.41 2 7
github.com/goravel/framework/notification/notification.go:115.41,117.16 2 7
github.com/goravel/framework/notification/notification.go:117.16,119.23 2 1
github.com/goravel/framework/notification/notification.go:119.23,121.5 1 1
github.com/goravel/framework/notification/notification.go:122.4,122.12 1 1
github.com/goravel/framework/notification/notification.go:125.3,126.10 2 6
github.com/goravel/framework/notification/notification.go:126.10,132.23 3 1
github.com/goravel/framework/notification/notification.go:132.23,134.5 1 1
github.com/goravel/framework/notification/notification.go:135.4,135.12 1 1
github.com/goravel/framework/notification/notification.go:138.3,139.17 2 5
github.com/goravel/framework/notification/notification.go:139.17,141.23 2 1
github.com/goravel/framework/notification/notification.go:141.23,143.5 1 1
github.com/goravel/framework/notification/notification.go:144.4,144.12 1 1
github.com/goravel/framework/notification/notification.go:147.3,149.17 3 4
github.com/goravel/framework/notification/notification.go:149.17,150.23 1 0
github.com/goravel/framework/notification/notification.go:150.23,152.5 1 0
github.com/goravel/framework/notification/notification.go:153.4,153.12 1 0
github.com/goravel/framework/notification/notification.go:156.3,157.44 2 4
github.com/goravel/framework/notification/notification.go:157.44,159.4 1 1
github.com/goravel/framework/notification/notification.go:160.3,160.33 1 4
github.com/goravel/framework/notification/notification.go:160.33,162.4 1 1
github.com/goravel/framework/notification/notification.go:163.3,163.63 1 4
github.com/goravel/framework/notification/notification.go:163.63,165.4 1 1
github.com/goravel/framework/notification/notification.go:168.2,168.17 1 7
github.com/goravel/framework/notification/on_demand.go:7.89,12.2 1 3
github.com/goravel/framework/notification/on_demand.go:20.74,22.2 1 3
github.com/goravel/framework/notification/on_demand.go:24.100,27.2 2 2
github.com/goravel/framework/notification/on_demand.go:29.81,31.2 1 1
github.com/goravel/framework/notification/on_demand.go:33.84,35.2 1 1
github.com/goravel/framework/notification/service_provider.go:16.63,24.2 1 1
github.com/goravel/framework/notification/service_provider.go:26.64,27.79 1 6
github.com/goravel/framework/notification/service_provider.go:27.79,29.20 2 6
github.com/goravel/framework/notification/service_provider.go:29.20,31.4 1 1
github.com/goravel/framework/notification/service_provider.go:33.3,34.18 2 5
github.com/goravel/framework/notification/service_provider.go:34.18,36.4 1 1
github.com/goravel/framework/notification/service_provider.go:38.3,39.17 2 4
github.com/goravel/framework/notification/service_provider.go:39.17,41.4 1 1
github.com/goravel/framework/notification/service_provider.go:43.3,44.15 2 3
github.com/goravel/framework/notification/service_provider.go:44.15,46.4 1 1
github.com/goravel/framework/notification/service_provider.go:48.3,49.20 2 2
github.com/goravel/framework/notification/service_provider.go:49.20,51.4 1 1
github.com/goravel/framework/notification/service_provider.go:53.3,57.22 4 1
github.com/goravel/framework/notification/service_provider.go:61.60,68.2 2 4
github.com/goravel/framework/notification/service_provider.go:70.68,72.24 2 4
github.com/goravel/framework/notification/service_provider.go:72.24,75.3 2 1
github.com/goravel/framework/notification/service_provider.go:77.2,78.31 2 3
github.com/goravel/framework/notification/service_provider.go:78.31,81.3 2 1
github.com/goravel/framework/notification/service_provider.go:83.2,84.9 2 2
github.com/goravel/framework/notification/service_provider.go:84.9,87.3 2 1
github.com/goravel/framework/notification/service_provider.go:89.2,91.4 1 1
github.com/goravel/framework/notification/channels/database.go:31.53,31.79 1 1
github.com/goravel/framework/notification/channels/database.go:40.100,42.2 1 13
github.com/goravel/framework/notification/channels/database.go:44.41,44.62 1 1
github.com/goravel/framework/notification/channels/database.go:49.9,51.2 1 8
github.com/goravel/framework/notification/channels/database.go:59.9,61.16 2 9
github.com/goravel/framework/notification/channels/database.go:61.16,63.3 1 1
github.com/goravel/framework/notification/channels/database.go:64.2,64.34 1 8
github.com/goravel/framework/notification/channels/database.go:80.27,82.24 2 10
github.com/goravel/framework/notification/channels/database.go:82.24,84.3 1 1
github.com/goravel/framework/notification/channels/database.go:86.2,87.66 2 9
github.com/goravel/framework/notification/channels/database.go:87.66,89.3 1 2
github.com/goravel/framework/notification/channels/database.go:89.8,91.3 1 7
github.com/goravel/framework/notification/channels/database.go:93.2,94.16 2 9
github.com/goravel/framework/notification/channels/database.go:94.16,96.3 1 1
github.com/goravel/framework/notification/channels/database.go:98.2,99.68 2 8
github.com/goravel/framework/notification/channels/database.go:99.68,101.3 1 7
github.com/goravel/framework/notification/channels/database.go:102.2,102.14 1 8
github.com/goravel/framework/notification/channels/database.go:102.14,104.3 1 2
github.com/goravel/framework/notification/channels/database.go:106.2,114.16 3 8
github.com/goravel/framework/notification/channels/database.go:114.16,116.3 1 0
github.com/goravel/framework/notification/channels/database.go:118.2,118.35 1 8
github.com/goravel/framework/notification/channels/database.go:121.71,122.17 1 10
github.com/goravel/framework/notification/channels/database.go:122.17,124.3 1 1
github.com/goravel/framework/notification/channels/database.go:126.2,127.57 2 9
github.com/goravel/framework/notification/channels/database.go:127.57,129.3 1 1
github.com/goravel/framework/notification/channels/database.go:131.2,142.21 3 8
github.com/goravel/framework/notification/channels/database.go:142.21,143.102 1 2
github.com/goravel/framework/notification/channels/database.go:143.102,145.4 1 1
github.com/goravel/framework/notification/channels/database.go:148.2,148.48 1 8
github.com/goravel/framework/notification/channels/database.go:148.48,150.3 1 1
github.com/goravel/framework/notification/channels/database.go:152.2,153.12 2 7
github.com/goravel/framework/notification/channels/mail.go:20.75,22.2 1 16
github.com/goravel/framework/notification/channels/mail.go:24.37,24.54 1 1
github.com/goravel/framework/notification/channels/mail.go:29.9,31.2 1 9
github.com/goravel/framework/notification/channels/mail.go:39.9,41.16 2 10
github.com/goravel/framework/notification/channels/mail.go:41.16,43.3 1 1
github.com/goravel/framework/notification/channels/mail.go:44.2,44.34 1 9
github.com/goravel/framework/notification/channels/mail.go:53.27,55.16 2 10
github.com/goravel/framework/notification/channels/mail.go:55.16,57.3 1 1
github.com/goravel/framework/notification/channels/mail.go:59.2,60.66 2 9
github.com/goravel/framework/notification/channels/mail.go:60.66,62.3 1 4
github.com/goravel/framework/notification/channels/mail.go:62.8,64.3 1 5
github.com/goravel/framework/notification/channels/mail.go:65.2,65.22 1 9
github.com/goravel/framework/notification/channels/mail.go:65.22,67.3 1 8
github.com/goravel/framework/notification/channels/mail.go:69.2,70.16 2 9
github.com/goravel/framework/notification/channels/mail.go:70.16,72.3 1 0
github.com/goravel/framework/notification/channels/mail.go:74.2,74.51 1 9
github.com/goravel/framework/notification/channels/mail.go:83.21,84.67 1 10
github.com/goravel/framework/notification/channels/mail.go:84.67,85.70 1 3
github.com/goravel/framework/notification/channels/mail.go:85.70,87.4 1 2
github.com/goravel/framework/notification/channels/mail.go:90.2,91.14 2 8
github.com/goravel/framework/notification/channels/mail.go:91.14,93.3 1 1
github.com/goravel/framework/notification/channels/mail.go:94.2,94.26 1 7
github.com/goravel/framework/notification/channels/mail.go:99.67,100.17 1 14
github.com/goravel/framework/notification/channels/mail.go:100.17,102.3 1 1
github.com/goravel/framework/notification/channels/mail.go:104.2,105.54 2 13
github.com/goravel/framework/notification/channels/mail.go:105.54,107.3 1 1
github.com/goravel/framework/notification/channels/mail.go:109.2,110.26 2 12
github.com/goravel/framework/notification/channels/mail.go:110.26,112.3 1 3
github.com/goravel/framework/notification/channels/mail.go:114.2,115.19 2 12
github.com/goravel/framework/notification/channels/mail.go:115.19,117.3 1 2
github.com/goravel/framework/notification/channels/mail.go:119.2,135.20 2 12
github.com/goravel/framework/notification/channels/mail.go:135.20,137.3 1 1
github.com/goravel/framework/notification/channels/mail.go:139.2,139.46 1 12
github.com/goravel/framework/notification/channels/mail.go:139.46,141.3 1 1
github.com/goravel/framework/notification/channels/mail.go:142.2,142.12 1 11
github.com/goravel/framework/notification/channels/mail.go:145.110,152.2 1 5
github.com/goravel/framework/notification/channels/mail.go:162.67,162.88 1 14
github.com/goravel/framework/notification/channels/mail.go:163.67,163.87 1 5
github.com/goravel/framework/notification/channels/mail.go:164.67,164.91 1 1
github.com/goravel/framework/notification/channels/mail.go:165.67,165.87 1 1
github.com/goravel/framework/notification/channels/mail.go:166.67,166.81 1 1
